exports[`test Home renders with data 1`] = `
<div>
  hello
</div>
`;

exports[`test Home renders without data 1`] = `
<div
  className="home">
  <button
    type="button">
    <a
      onClick={[Function]}
      style={Object {}}>
      Back
    </a>
  </button>
  <div />
  <p>
    Home page
  </p>
</div>
`;
